specter-srvd-1    | 2022-08-10T21:45:09.434Z    DEBUG   storage/chord.go:131    Load returned something {"component": "storage", "key": "certificates/pebble-14000-dir/wildcard_.dev.con.nect.sh/wildcard_.dev.con.nect.sh.key", "val_length": 227}
specter-seed-1    | 2022-08-10T21:45:09.436Z    DEBUG   chord/local_kv.go:65    KV Get  {"component": "chord", "node": 272898810982308, "key": "/acme-storage/certificates/pebble-14000-dir/wildcard_.dev.con.nect.sh/wildcard_.dev.con.nect.sh.crt", "id": 169844222509893}
specter-srvd-1    | 2022-08-10T21:45:09.437Z    DEBUG   storage/chord.go:131    Load returned something {"component": "storage", "key": "certificates/pebble-14000-dir/wildcard_.dev.con.nect.sh/wildcard_.dev.con.nect.sh.crt", "val_length": 2172}
specter-seed-1    | 2022-08-10T21:45:09.439Z    DEBUG   chord/local_kv.go:65    KV Get  {"component": "chord", "node": 272898810982308, "key": "/acme-storage/certificates/pebble-14000-dir/wildcard_.dev.con.nect.sh/wildcard_.dev.con.nect.sh.json", "id": 264402947476177}
specter-srvd-1    | 2022-08-10T21:45:09.440Z    DEBUG   storage/chord.go:131    Load returned something {"component": "storage", "key": "certificates/pebble-14000-dir/wildcard_.dev.con.nect.sh/wildcard_.dev.con.nect.sh.json", "val_length": 116}
specter-seed-1    | 2022-08-10T21:45:09.443Z    DEBUG   chord/local_kv.go:65    KV Get  {"component": "chord", "node": 272898810982308, "key": "/acme-storage/ocsp/wildcard_.dev.con.nect.sh-5b1526fa", "id": 235326812376913}
specter-srvd-1    | 2022-08-10T21:45:09.444Z    DEBUG   storage/chord.go:128    Load returned not found {"component": "storage", "key": "ocsp/wildcard_.dev.con.nect.sh-5b1526fa"}
specter-srvd-1    | 2022-08-10T21:45:09.444Z    WARN    certmagic@v0.16.2/certificates.go:222   stapling OCSP   {"component": "acme", "error": "no OCSP stapling for [*.dev.con.nect.sh]: no OCSP server specified in certificate", "identifiers": ["*.dev.con.nect.sh"]}
specter-srvd-1    | github.com/caddyserver/certmagic.Config.makeCertificateWithOCSP
specter-srvd-1    |     /go/pkg/mod/github.com/caddyserver/certmagic@v0.16.2/certificates.go:222
specter-srvd-1    | github.com/caddyserver/certmagic.(*Config).loadManagedCertificate
specter-srvd-1    |     /go/pkg/mod/github.com/caddyserver/certmagic@v0.16.2/certificates.go:137
specter-srvd-1    | github.com/caddyserver/certmagic.(*Config).CacheManagedCertificate
specter-srvd-1    |     /go/pkg/mod/github.com/caddyserver/certmagic@v0.16.2/certificates.go:120
specter-srvd-1    | github.com/caddyserver/certmagic.(*Config).manageOne
specter-srvd-1    |     /go/pkg/mod/github.com/caddyserver/certmagic@v0.16.2/config.go:331
specter-srvd-1    | github.com/caddyserver/certmagic.(*Config).manageAll
specter-srvd-1    |     /go/pkg/mod/github.com/caddyserver/certmagic@v0.16.2/config.go:320
specter-srvd-1    | github.com/caddyserver/certmagic.(*Config).ManageAsync
specter-srvd-1    |     /go/pkg/mod/github.com/caddyserver/certmagic@v0.16.2/config.go:279
specter-srvd-1    | kon.nect.sh/specter/cmd/server.configCertProvider.func1
specter-srvd-1    |     /app/cmd/server/server.go:228
specter-srvd-1    | kon.nect.sh/specter/cmd/server.(*ACMEProvider).Initialize
specter-srvd-1    |     /app/cmd/server/server.go:393
specter-srvd-1    | kon.nect.sh/specter/cmd/server.cmdServer
specter-srvd-1    |     /app/cmd/server/server.go:370
specter-srvd-1    | github.com/urfave/cli/v2.(*Command).Run
specter-srvd-1    |     /go/pkg/mod/github.com/urfave/cli/v2@v2.11.1/command.go:169
specter-srvd-1    | github.com/urfave/cli/v2.(*App).RunContext
specter-srvd-1    |     /go/pkg/mod/github.com/urfave/cli/v2@v2.11.1/app.go:378
specter-srvd-1    | main.main
specter-srvd-1    |     /app/main.go:66
specter-srvd-1    | runtime.main
specter-srvd-1    |     /usr/local/go/src/runtime/proc.go:250
specter-srvd-1    | 2022-08-10T21:45:09.445Z    INFO    server/server.go:47     publishing identities to chord  {"component": "tun", "node": 220377913337845}
specter-srvd-1    | 2022-08-10T21:45:09.445Z    INFO    overlay/transport.go:374        Accepting connections   {"component": "tun", "node": 220377913337845, "listen": "172.22.0.5:1113"}
specter-srvd-1    | 2022-08-10T21:45:09.445Z    INFO    gateway/gateway.go:114  gateway server started  {"component": "gateway"}
specter-seed-1    | 2022-08-10T21:45:09.447Z    DEBUG   chord/local_kv.go:54    KV Put  {"component": "chord", "node": 272898810982308, "key": "/identities/chord/srvd:1113/76056495571947", "id": 204256089064141}
specter-seed-1    | 2022-08-10T21:45:09.449Z    DEBUG   chord/local_kv.go:54    KV Put  {"component": "chord", "node": 272898810982308, "key": "/identities/tunnel/srvd:1113/220377913337845", "id": 217967739459279}
specter-srvd-1    | 2022-08-10T21:45:09.450Z    INFO    server/resolve.go:45    identities published on chord   {"component": "tun", "node": 220377913337845, "chord": "/identities/chord/srvd:1113/76056495571947", "tun": "/identities/tunnel/srvd:1113/220377913337845"}
specter-srvd-1    | 2022-08-10T21:45:09.450Z    INFO    server/server.go:52     specter server started  {"component": "tun", "node": 220377913337845}
specter-seed-1    | 2022-08-10T21:45:12.259Z    INFO    chord/local_tasks.go:140        FingerTable entries updated     {"component": "chord", "node": 272898810982308, "fixed": [47]}
specter-seed-1    | 2022-08-10T21:45:14.271Z    INFO    chord/local_tasks.go:95 Discovered new successors via Stablize  {"component": "chord", "node": 272898810982308, "successors": [37795961421988, 76056495571947, 84671371534117, 118605669798269]}
specter-srvc-1    | 2022-08-10T21:45:14.341Z    INFO    chord/local_tasks.go:95 Discovered new successors via Stablize  {"component": "chord", "node": 118605669798269, "successors": [272898810982308, 37795961421988, 76056495571947, 84671371534117]}
specter-srvb-1    | 2022-08-10T21:45:14.396Z    INFO    chord/local_tasks.go:95 Discovered new successors via Stablize  {"component": "chord", "node": 84671371534117, "successors": [118605669798269, 272898810982308, 37795961421988, 76056495571947]}
specter-srva-1    | 2022-08-10T21:45:24.341Z    DEBUG   chord/local_kv.go:118   KV Acquire      {"component": "chord", "node": 37795961421988, "lease": "/acme-storage/issue_cert_*.dev.con.nect.sh", "id": 1553179569973}
specter-srvc-1    | 2022-08-10T21:45:24.343Z    DEBUG   storage/chord.go:62     Lease acquired  {"component": "storage", "key": "issue_cert_*.dev.con.nect.sh", "lease": 1660167984341888156}
specter-srvc-1    | 2022-08-10T21:45:24.343Z    INFO    obtain  certmagic@v0.16.2/config.go:489 lock acquired   {"component": "acme", "identifier": "*.dev.con.nect.sh"}
specter-seed-1    | 2022-08-10T21:45:24.343Z    DEBUG   chord/local_kv.go:118   KV Acquire      {"component": "chord", "node": 272898810982308, "lease": "/acme-storage/issue_cert_dev.con.nect.sh", "id": 158622818693899}
specter-srvc-1    | 2022-08-10T21:45:24.344Z    DEBUG   storage/chord.go:62     Lease acquired  {"component": "storage", "key": "issue_cert_dev.con.nect.sh", "lease": 1660167984343630359}
specter-srvc-1    | 2022-08-10T21:45:24.345Z    INFO    obtain  certmagic@v0.16.2/config.go:489 lock acquired   {"component": "acme", "identifier": "dev.con.nect.sh"}
specter-seed-1    | 2022-08-10T21:45:24.345Z    DEBUG   chord/local_kv.go:65    KV Get  {"component": "chord", "node": 272898810982308, "key": "/acme-storage/certificates/pebble-14000-dir/wildcard_.dev.con.nect.sh/wildcard_.dev.con.nect.sh.crt", "id": 169844222509893}
specter-srvc-1    | 2022-08-10T21:45:24.346Z    DEBUG   storage/chord.go:152    Exists  {"component": "storage", "key": "certificates/pebble-14000-dir/wildcard_.dev.con.nect.sh/wildcard_.dev.con.nect.sh.crt", "exists": true}
specter-srva-1    | 2022-08-10T21:45:24.349Z    DEBUG   chord/local_kv.go:65    KV Get  {"component": "chord", "node": 37795961421988, "key": "/acme-storage/certificates/pebble-14000-dir/wildcard_.dev.con.nect.sh/wildcard_.dev.con.nect.sh.key", "id": 37624296909630}
specter-srvc-1    | 2022-08-10T21:45:24.350Z    DEBUG   storage/chord.go:152    Exists  {"component": "storage", "key": "certificates/pebble-14000-dir/wildcard_.dev.con.nect.sh/wildcard_.dev.con.nect.sh.key", "exists": true}
specter-srvd-1    | 2022-08-10T21:45:24.351Z    DEBUG   chord/local_kv.go:65    KV Get  {"component": "chord", "node": 76056495571947, "key": "/acme-storage/certificates/pebble-14000-dir/dev.con.nect.sh/dev.con.nect.sh.crt", "id": 53321444973030}
specter-seed-1    | 2022-08-10T21:45:24.352Z    DEBUG   chord/local_kv.go:65    KV Get  {"component": "chord", "node": 272898810982308, "key": "/acme-storage/certificates/pebble-14000-dir/wildcard_.dev.con.nect.sh/wildcard_.dev.con.nect.sh.json", "id": 264402947476177}
specter-srvc-1    | 2022-08-10T21:45:24.352Z    DEBUG   storage/chord.go:152    Exists  {"component": "storage", "key": "certificates/pebble-14000-dir/dev.con.nect.sh/dev.con.nect.sh.crt", "exists": true}
specter-srvc-1    | 2022-08-10T21:45:24.352Z    DEBUG   storage/chord.go:152    Exists  {"component": "storage", "key": "certificates/pebble-14000-dir/wildcard_.dev.con.nect.sh/wildcard_.dev.con.nect.sh.json", "exists": true}
specter-srvc-1    | 2022-08-10T21:45:24.353Z    INFO    obtain  certmagic@v0.16.2/config.go:496 certificate already exists in storage   {"component": "acme", "identifier": "*.dev.con.nect.sh"}
specter-srvc-1    | 2022-08-10T21:45:24.353Z    INFO    obtain  certmagic@v0.16.2/config.go:477 releasing lock  {"component": "acme", "identifier": "*.dev.con.nect.sh"}
specter-seed-1    | 2022-08-10T21:45:24.353Z    DEBUG   chord/local_kv.go:65    KV Get  {"component": "chord", "node": 272898810982308, "key": "/acme-storage/certificates/pebble-14000-dir/dev.con.nect.sh/dev.con.nect.sh.key", "id": 179364425046919}
specter-srvc-1    | 2022-08-10T21:45:24.355Z    DEBUG   storage/chord.go:152    Exists  {"component": "storage", "key": "certificates/pebble-14000-dir/dev.con.nect.sh/dev.con.nect.sh.key", "exists": true}
specter-srva-1    | 2022-08-10T21:45:24.356Z    DEBUG   chord/local_kv.go:138   KV Release      {"component": "chord", "node": 37795961421988, "lease": "/acme-storage/issue_cert_*.dev.con.nect.sh", "id": 1553179569973}
specter-seed-1    | 2022-08-10T21:45:24.356Z    DEBUG   chord/local_kv.go:65    KV Get  {"component": "chord", "node": 272898810982308, "key": "/acme-storage/certificates/pebble-14000-dir/dev.con.nect.sh/dev.con.nect.sh.json", "id": 272673322735340}
specter-srvc-1    | 2022-08-10T21:45:24.357Z    DEBUG   storage/chord.go:152    Exists  {"component": "storage", "key": "certificates/pebble-14000-dir/dev.con.nect.sh/dev.con.nect.sh.json", "exists": true}
specter-srvc-1    | 2022-08-10T21:45:24.357Z    INFO    obtain  certmagic@v0.16.2/config.go:496 certificate already exists in storage   {"component": "acme", "identifier": "dev.con.nect.sh"}
specter-srvc-1    | 2022-08-10T21:45:24.357Z    INFO    obtain  certmagic@v0.16.2/config.go:477 releasing lock  {"component": "acme", "identifier": "dev.con.nect.sh"}
specter-seed-1    | 2022-08-10T21:45:24.358Z    DEBUG   chord/local_kv.go:138   KV Release      {"component": "chord", "node": 272898810982308, "lease": "/acme-storage/issue_cert_dev.con.nect.sh", "id": 158622818693899}
specter-seed-1    | 2022-08-10T21:45:24.359Z    DEBUG   chord/local_kv.go:65    KV Get  {"component": "chord", "node": 272898810982308, "key": "/acme-storage/certificates/pebble-14000-dir/dev.con.nect.sh/dev.con.nect.sh.key", "id": 179364425046919}
specter-srva-1    | 2022-08-10T21:45:24.360Z    DEBUG   chord/local_kv.go:65    KV Get  {"component": "chord", "node": 37795961421988, "key": "/acme-storage/certificates/pebble-14000-dir/wildcard_.dev.con.nect.sh/wildcard_.dev.con.nect.sh.key", "id": 37624296909630}
specter-srvc-1    | 2022-08-10T21:45:24.360Z    DEBUG   storage/chord.go:131    Load returned something {"component": "storage", "key": "certificates/pebble-14000-dir/dev.con.nect.sh/dev.con.nect.sh.key", "val_length": 227}
specter-srvc-1    | 2022-08-10T21:45:24.361Z    DEBUG   storage/chord.go:131    Load returned something {"component": "storage", "key": "certificates/pebble-14000-dir/wildcard_.dev.con.nect.sh/wildcard_.dev.con.nect.sh.key", "val_length": 227}
specter-seed-1    | 2022-08-10T21:45:24.361Z    DEBUG   chord/local_kv.go:65    KV Get  {"component": "chord", "node": 272898810982308, "key": "/acme-storage/certificates/pebble-14000-dir/wildcard_.dev.con.nect.sh/wildcard_.dev.con.nect.sh.crt", "id": 169844222509893}
specter-srvc-1    | 2022-08-10T21:45:24.362Z    DEBUG   storage/chord.go:131    Load returned something {"component": "storage", "key": "certificates/pebble-14000-dir/wildcard_.dev.con.nect.sh/wildcard_.dev.con.nect.sh.crt", "val_length": 2172}
specter-seed-1    | 2022-08-10T21:45:24.363Z    DEBUG   chord/local_kv.go:65    KV Get  {"component": "chord", "node": 272898810982308, "key": "/acme-storage/certificates/pebble-14000-dir/wildcard_.dev.con.nect.sh/wildcard_.dev.con.nect.sh.json", "id": 264402947476177}
specter-srvd-1    | 2022-08-10T21:45:24.364Z    DEBUG   chord/local_kv.go:65    KV Get  {"component": "chord", "node": 76056495571947, "key": "/acme-storage/certificates/pebble-14000-dir/dev.con.nect.sh/dev.con.nect.sh.crt", "id": 53321444973030}
specter-srvc-1    | 2022-08-10T21:45:24.364Z    DEBUG   storage/chord.go:131    Load returned something {"component": "storage", "key": "certificates/pebble-14000-dir/wildcard_.dev.con.nect.sh/wildcard_.dev.con.nect.sh.json", "val_length": 116}
specter-srvc-1    | 2022-08-10T21:45:24.365Z    DEBUG   storage/chord.go:131    Load returned something {"component": "storage", "key": "certificates/pebble-14000-dir/dev.con.nect.sh/dev.con.nect.sh.crt", "val_length": 2164}
specter-seed-1    | 2022-08-10T21:45:24.366Z    DEBUG   chord/local_kv.go:65    KV Get  {"component": "chord", "node": 272898810982308, "key": "/acme-storage/certificates/pebble-14000-dir/dev.con.nect.sh/dev.con.nect.sh.json", "id": 272673322735340}
specter-seed-1    | 2022-08-10T21:45:24.366Z    DEBUG   chord/local_kv.go:65    KV Get  {"component": "chord", "node": 272898810982308, "key": "/acme-storage/ocsp/wildcard_.dev.con.nect.sh-5b1526fa", "id": 235326812376913}
specter-srvc-1    | 2022-08-10T21:45:24.366Z    DEBUG   storage/chord.go:131    Load returned something {"component": "storage", "key": "certificates/pebble-14000-dir/dev.con.nect.sh/dev.con.nect.sh.json", "val_length": 114}
specter-srvc-1    | 2022-08-10T21:45:24.367Z    DEBUG   storage/chord.go:128    Load returned not found {"component": "storage", "key": "ocsp/wildcard_.dev.con.nect.sh-5b1526fa"}
specter-srvc-1    | 2022-08-10T21:45:24.368Z    WARN    certmagic@v0.16.2/certificates.go:222   stapling OCSP   {"component": "acme", "error": "no OCSP stapling for [*.dev.con.nect.sh]: no OCSP server specified in certificate", "identifiers": ["*.dev.con.nect.sh"]}
specter-srvc-1    | github.com/caddyserver/certmagic.Config.makeCertificateWithOCSP
specter-seed-1    | 2022-08-10T21:45:24.368Z    DEBUG   chord/local_kv.go:65    KV Get  {"component": "chord", "node": 272898810982308, "key": "/acme-storage/ocsp/dev.con.nect.sh-dba4b941", "id": 159017762380566}
specter-srvc-1    |     /go/pkg/mod/github.com/caddyserver/certmagic@v0.16.2/certificates.go:222
specter-srvc-1    | github.com/caddyserver/certmagic.(*Config).loadManagedCertificate
specter-srvc-1    |     /go/pkg/mod/github.com/caddyserver/certmagic@v0.16.2/certificates.go:137
specter-srvc-1    | github.com/caddyserver/certmagic.(*Config).CacheManagedCertificate
specter-srvc-1    |     /go/pkg/mod/github.com/caddyserver/certmagic@v0.16.2/certificates.go:120
specter-srvc-1    | github.com/caddyserver/certmagic.(*Config).manageOne.func1
specter-srvc-1    |     /go/pkg/mod/github.com/caddyserver/certmagic@v0.16.2/config.go:347
specter-srvc-1    | github.com/caddyserver/certmagic.(*jobManager).worker
specter-srvc-1    |     /go/pkg/mod/github.com/caddyserver/certmagic@v0.16.2/async.go:73
specter-srvc-1    | 2022-08-10T21:45:24.368Z    DEBUG   storage/chord.go:128    Load returned not found {"component": "storage", "key": "ocsp/dev.con.nect.sh-dba4b941"}
specter-srvc-1    | 2022-08-10T21:45:24.369Z    WARN    certmagic@v0.16.2/certificates.go:222   stapling OCSP   {"component": "acme", "error": "no OCSP stapling for [dev.con.nect.sh]: no OCSP server specified in certificate", "identifiers": ["dev.con.nect.sh"]}
specter-srvc-1    | github.com/caddyserver/certmagic.Config.makeCertificateWithOCSP
specter-srvc-1    |     /go/pkg/mod/github.com/caddyserver/certmagic@v0.16.2/certificates.go:222
specter-srvc-1    | github.com/caddyserver/certmagic.(*Config).loadManagedCertificate
specter-srvc-1    |     /go/pkg/mod/github.com/caddyserver/certmagic@v0.16.2/certificates.go:137
specter-srvc-1    | github.com/caddyserver/certmagic.(*Config).CacheManagedCertificate
specter-srvc-1    |     /go/pkg/mod/github.com/caddyserver/certmagic@v0.16.2/certificates.go:120
specter-srvc-1    | github.com/caddyserver/certmagic.(*Config).manageOne.func1
specter-srvc-1    |     /go/pkg/mod/github.com/caddyserver/certmagic@v0.16.2/config.go:347
specter-srvc-1    | github.com/caddyserver/certmagic.(*jobManager).worker
specter-srvc-1    |     /go/pkg/mod/github.com/caddyserver/certmagic@v0.16.2/async.go:73
specter-seed-1    | 2022-08-10T21:45:46.273Z    DEBUG   handshake       certmagic@v0.16.2/handshake.go:170      choosing certificate    {"component": "acme", "identifier": "dev.con.nect.sh", "num_choices": 1}
specter-seed-1    | 2022-08-10T21:45:46.273Z    DEBUG   handshake       certmagic@v0.16.2/handshake.go:177      default certificate selection results   {"component": "acme", "identifier": "dev.con.nect.sh", "subjects": ["dev.con.nect.sh"], "managed": true, "issuer_key": "pebble:14000-dir", "hash": "f22c171626df87089536371a4215bee92d01527061481dcf67c4a9a2c2252d68"}
specter-seed-1    | 2022-08-10T21:45:46.273Z    DEBUG   handshake       certmagic@v0.16.2/handshake.go:246      matched certificate in cache    {"component": "acme", "subjects": ["dev.con.nect.sh"], "managed": true, "expiration": "2027-08-10T21:44:54.000Z", "hash": "f22c171626df87089536371a4215bee92d01527061481dcf67c4a9a2c2252d68"}
specter-seed-1    | 2022-08-10T21:45:46.276Z    DEBUG   gateway/gateway.go:204  forwarding apex connection      {"component": "gateway", "via-quic": false, "proto": "", "hostname": "dev.con.nect.sh"}
specter-srva-1    | 2022-08-10T21:45:46.279Z    DEBUG   handshake       certmagic@v0.16.2/handshake.go:170      choosing certificate    {"component": "acme", "identifier": "dev.con.nect.sh", "num_choices": 1}
specter-srva-1    | 2022-08-10T21:45:46.279Z    DEBUG   handshake       certmagic@v0.16.2/handshake.go:177      default certificate selection results   {"component": "acme", "identifier": "dev.con.nect.sh", "subjects": ["dev.con.nect.sh"], "managed": true, "issuer_key": "pebble:14000-dir", "hash": "f22c171626df87089536371a4215bee92d01527061481dcf67c4a9a2c2252d68"}
specter-srva-1    | 2022-08-10T21:45:46.279Z    DEBUG   handshake       certmagic@v0.16.2/handshake.go:246      matched certificate in cache    {"component": "acme", "subjects": ["dev.con.nect.sh"], "managed": true, "expiration": "2027-08-10T21:44:54.000Z", "hash": "f22c171626df87089536371a4215bee92d01527061481dcf67c4a9a2c2252d68"}
specter-srva-1    | 2022-08-10T21:45:46.281Z    DEBUG   gateway/gateway.go:204  forwarding apex connection      {"component": "gateway", "via-quic": false, "proto": "", "hostname": "dev.con.nect.sh"}
specter-srvb-1    | 2022-08-10T21:45:46.285Z    DEBUG   handshake       certmagic@v0.16.2/handshake.go:170      choosing certificate    {"component": "acme", "identifier": "dev.con.nect.sh", "num_choices": 1}
specter-srvb-1    | 2022-08-10T21:45:46.285Z    DEBUG   handshake       certmagic@v0.16.2/handshake.go:177      default certificate selection results   {"component": "acme", "identifier": "dev.con.nect.sh", "subjects": ["dev.con.nect.sh"], "managed": true, "issuer_key": "pebble:14000-dir", "hash": "f22c171626df87089536371a4215bee92d01527061481dcf67c4a9a2c2252d68"}
specter-srvb-1    | 2022-08-10T21:45:46.286Z    DEBUG   handshake       certmagic@v0.16.2/handshake.go:246      matched certificate in cache    {"component": "acme", "subjects": ["dev.con.nect.sh"], "managed": true, "expiration": "2027-08-10T21:44:54.000Z", "hash": "f22c171626df87089536371a4215bee92d01527061481dcf67c4a9a2c2252d68"}
specter-srvb-1    | 2022-08-10T21:45:46.289Z    DEBUG   gateway/gateway.go:204  forwarding apex connection      {"component": "gateway", "via-quic": false, "proto": "", "hostname": "dev.con.nect.sh"}
specter-srvc-1    | 2022-08-10T21:45:46.293Z    DEBUG   handshake       certmagic@v0.16.2/handshake.go:170      choosing certificate    {"component": "acme", "identifier": "dev.con.nect.sh", "num_choices": 1}
specter-srvc-1    | 2022-08-10T21:45:46.293Z    DEBUG   handshake       certmagic@v0.16.2/handshake.go:177      default certificate selection results   {"component": "acme", "identifier": "dev.con.nect.sh", "subjects": ["dev.con.nect.sh"], "managed": true, "issuer_key": "pebble:14000-dir", "hash": "f22c171626df87089536371a4215bee92d01527061481dcf67c4a9a2c2252d68"}
specter-srvc-1    | 2022-08-10T21:45:46.293Z    DEBUG   handshake       certmagic@v0.16.2/handshake.go:246      matched certificate in cache    {"component": "acme", "subjects": ["dev.con.nect.sh"], "managed": true, "expiration": "2027-08-10T21:44:54.000Z", "hash": "f22c171626df87089536371a4215bee92d01527061481dcf67c4a9a2c2252d68"}
specter-srvc-1    | 2022-08-10T21:45:46.295Z    DEBUG   gateway/gateway.go:204  forwarding apex connection      {"component": "gateway", "via-quic": false, "proto": "", "hostname": "dev.con.nect.sh"}
specter-srvd-1    | 2022-08-10T21:45:46.298Z    DEBUG   handshake       certmagic@v0.16.2/handshake.go:170      choosing certificate    {"component": "acme", "identifier": "dev.con.nect.sh", "num_choices": 1}
specter-srvd-1    | 2022-08-10T21:45:46.299Z    DEBUG   handshake       certmagic@v0.16.2/handshake.go:177      default certificate selection results   {"component": "acme", "identifier": "dev.con.nect.sh", "subjects": ["dev.con.nect.sh"], "managed": true, "issuer_key": "pebble:14000-dir", "hash": "f22c171626df87089536371a4215bee92d01527061481dcf67c4a9a2c2252d68"}
specter-srvd-1    | 2022-08-10T21:45:46.299Z    DEBUG   handshake       certmagic@v0.16.2/handshake.go:246      matched certificate in cache    {"component": "acme", "subjects": ["dev.con.nect.sh"], "managed": true, "expiration": "2027-08-10T21:44:54.000Z", "hash": "f22c171626df87089536371a4215bee92d01527061481dcf67c4a9a2c2252d68"}
specter-srvd-1    | 2022-08-10T21:45:46.300Z    DEBUG   gateway/gateway.go:204  forwarding apex connection      {"component": "gateway", "via-quic": false, "proto": "", "hostname": "dev.con.nect.sh"}