specter-srvc-1    | kon.nect.sh/specter/acme/storage.(*ChordStorage).Lock
specter-srvc-1    |     /app/acme/storage/chord.go:53
specter-srvc-1    | github.com/caddyserver/certmagic.acquireLock
specter-srvc-1    |     /go/pkg/mod/github.com/caddyserver/certmagic@v0.16.2/storage.go:237
specter-srvc-1    | github.com/caddyserver/certmagic.(*Config).obtainCert
specter-srvc-1    |     /go/pkg/mod/github.com/caddyserver/certmagic@v0.16.2/config.go:471
specter-srvc-1    | github.com/caddyserver/certmagic.(*Config).ObtainCertAsync
specter-srvc-1    |     /go/pkg/mod/github.com/caddyserver/certmagic@v0.16.2/config.go:443
specter-srvc-1    | github.com/caddyserver/certmagic.(*Config).manageOne.func1
specter-srvc-1    |     /go/pkg/mod/github.com/caddyserver/certmagic@v0.16.2/config.go:340
specter-srvc-1    | github.com/caddyserver/certmagic.(*jobManager).worker
specter-srvc-1    |     /go/pkg/mod/github.com/caddyserver/certmagic@v0.16.2/async.go:73
specter-srvc-1    | 2022-08-10T21:44:54.341Z    DEBUG   storage/chord.go:58     Lease acquire conflict, retrying        {"component": "storage", "key": "issue_cert_dev.con.nect.sh"}
specter-pebble-1  | Pebble 2022/08/10 21:44:54 GET /dir -> calling handler()
specter-seed-1    | 2022-08-10T21:44:54.360Z    DEBUG   acme_client     acme/http.go:270        http request    {"component": "issuer", "method": "GET", "url": "https://pebble:14000/dir", "headers": {"User-Agent":["CertMagic acmez (linux; amd64)"]}, "response_headers": {"Cache-Control":["public, max-age=0, no-cache"],"Content-Length":["391"],"Content-Type":["application/json; charset=utf-8"],"Date":["Wed, 10 Aug 2022 21:44:54 GMT"]}, "status_code": 200}
specter-pebble-1  | Pebble 2022/08/10 21:44:54 HEAD /nonce-plz -> calling handler()
specter-pebble-1  | Pebble 2022/08/10 21:44:54 HEAD /nonce-plz -> calling handler()
specter-seed-1    | 2022-08-10T21:44:54.362Z    DEBUG   acme_client     acme/http.go:270        http request    {"component": "issuer", "method": "HEAD", "url": "https://pebble:14000/nonce-plz", "headers": {"User-Agent":["CertMagic acmez (linux; amd64)"]}, "response_headers": {"Cache-Control":["public, max-age=0, no-cache"],"Date":["Wed, 10 Aug 2022 21:44:54 GMT"],"Link":["<https://pebble:14000/dir>;rel=\"index\""],"Replay-Nonce":["baY2_KuxqWkmrf2JCr5CUA"]}, "status_code": 200}
specter-seed-1    | 2022-08-10T21:44:54.362Z    DEBUG   acme_client     acme/http.go:270        http request    {"component": "issuer", "method": "HEAD", "url": "https://pebble:14000/nonce-plz", "headers": {"User-Agent":["CertMagic acmez (linux; amd64)"]}, "response_headers": {"Cache-Control":["public, max-age=0, no-cache"],"Date":["Wed, 10 Aug 2022 21:44:54 GMT"],"Link":["<https://pebble:14000/dir>;rel=\"index\""],"Replay-Nonce":["9DwRJfIxvyVTrPBBa1WwKw"]}, "status_code": 200}
specter-pebble-1  | Pebble 2022/08/10 21:44:54 POST /sign-me-up -> calling handler()
specter-pebble-1  | Pebble 2022/08/10 21:44:54 POST /sign-me-up -> calling handler()
specter-pebble-1  | Pebble 2022/08/10 21:44:54 There are now 1 accounts in memory
specter-pebble-1  | Pebble 2022/08/10 21:44:54 There are now 2 accounts in memory
specter-seed-1    | 2022-08-10T21:44:54.364Z    DEBUG   acme_client     acme/http.go:270        http request    {"component": "issuer", "method": "POST", "url": "https://pebble:14000/sign-me-up", "headers": {"Content-Type":["application/jose+json"],"User-Agent":["CertMagic acmez (linux; amd64)"]}, "response_headers": {"Cache-Control":["public, max-age=0, no-cache"],"Content-Length":["304"],"Content-Type":["application/json; charset=utf-8"],"Date":["Wed, 10 Aug 2022 21:44:54 GMT"],"Link":["<https://pebble:14000/dir>;rel=\"index\""],"Location":["https://pebble:14000/my-account/1"],"Replay-Nonce":["T4YIp3HBhdI73rv8iZmYWQ"]}, "status_code": 201}
specter-seed-1    | 2022-08-10T21:44:54.365Z    DEBUG   acme_client     acme/http.go:270        http request    {"component": "issuer", "method": "POST", "url": "https://pebble:14000/sign-me-up", "headers": {"Content-Type":["application/jose+json"],"User-Agent":["CertMagic acmez (linux; amd64)"]}, "response_headers": {"Cache-Control":["public, max-age=0, no-cache"],"Content-Length":["304"],"Content-Type":["application/json; charset=utf-8"],"Date":["Wed, 10 Aug 2022 21:44:54 GMT"],"Link":["<https://pebble:14000/dir>;rel=\"index\""],"Location":["https://pebble:14000/my-account/2"],"Replay-Nonce":["az2uYQCsvLaBvsz2YXb-IQ"]}, "status_code": 201}
specter-seed-1    | 2022-08-10T21:44:54.366Z    DEBUG   chord/local_kv.go:54    KV Put  {"component": "chord", "node": 272898810982308, "key": "/acme-storage/acme/pebble-14000-dir/users/admin@example.com/admin.json", "id": 120038001843607}
specter-seed-1    | 2022-08-10T21:44:54.366Z    DEBUG   chord/local_kv.go:54    KV Put  {"component": "chord", "node": 272898810982308, "key": "/acme-storage/acme/pebble-14000-dir/users/admin@example.com/admin.json", "id": 120038001843607}
specter-srvc-1    | 2022-08-10T21:44:54.367Z    DEBUG   chord/local_kv.go:54    KV Put  {"component": "chord", "node": 118605669798269, "key": "/acme-storage/acme/pebble-14000-dir/users/admin@example.com/admin.key", "id": 78087505213661}
specter-srvc-1    | 2022-08-10T21:44:54.367Z    DEBUG   chord/local_kv.go:54    KV Put  {"component": "chord", "node": 118605669798269, "key": "/acme-storage/acme/pebble-14000-dir/users/admin@example.com/admin.key", "id": 78087505213661}
specter-seed-1    | 2022-08-10T21:44:54.367Z    INFO    certmagic@v0.16.2/acmeclient.go:264     waiting on internal rate limiter        {"component": "issuer", "identifiers": ["dev.con.nect.sh"], "ca": "https://pebble:14000/dir", "account": "admin@example.com"}
specter-seed-1    | 2022-08-10T21:44:54.368Z    INFO    certmagic@v0.16.2/acmeclient.go:275     done waiting on internal rate limiter   {"component": "issuer", "identifiers": ["dev.con.nect.sh"], "ca": "https://pebble:14000/dir", "account": "admin@example.com"}
specter-seed-1    | 2022-08-10T21:44:54.368Z    INFO    certmagic@v0.16.2/acmeclient.go:264     waiting on internal rate limiter        {"component": "issuer", "identifiers": ["*.dev.con.nect.sh"], "ca": "https://pebble:14000/dir", "account": "admin@example.com"}
specter-seed-1    | 2022-08-10T21:44:54.368Z    INFO    certmagic@v0.16.2/acmeclient.go:275     done waiting on internal rate limiter   {"component": "issuer", "identifiers": ["*.dev.con.nect.sh"], "ca": "https://pebble:14000/dir", "account": "admin@example.com"}
specter-pebble-1  | Pebble 2022/08/10 21:44:54 POST /order-plz -> calling handler()
specter-pebble-1  | Pebble 2022/08/10 21:44:54 POST /order-plz -> calling handler()
specter-pebble-1  | Pebble 2022/08/10 21:44:54 There are now 1 authorizations in the db
specter-pebble-1  | Pebble 2022/08/10 21:44:54 Added order "TnG_Krv-_uu2L33IhdNQgFOZ74xAKwZmBgFa2hf8_2Y" to the db
specter-pebble-1  | Pebble 2022/08/10 21:44:54 There are now 1 orders in the db
specter-pebble-1  | Pebble 2022/08/10 21:44:54 There are now 2 authorizations in the db
specter-pebble-1  | Pebble 2022/08/10 21:44:54 Added order "g9sBG5fa9ZlZWy5Xis-tNGrbZPyzMRFRYlyMVj3Qr_g" to the db
specter-pebble-1  | Pebble 2022/08/10 21:44:54 There are now 2 orders in the db
specter-seed-1    | 2022-08-10T21:44:54.370Z    DEBUG   acme_client     acme/http.go:270        http request    {"component": "issuer", "method": "POST", "url": "https://pebble:14000/order-plz", "headers": {"Content-Type":["application/jose+json"],"User-Agent":["CertMagic acmez (linux; amd64)"]}, "response_headers": {"Cache-Control":["public, max-age=0, no-cache"],"Content-Length":["372"],"Content-Type":["application/json; charset=utf-8"],"Date":["Wed, 10 Aug 2022 21:44:54 GMT"],"Link":["<https://pebble:14000/dir>;rel=\"index\""],"Location":["https://pebble:14000/my-order/TnG_Krv-_uu2L33IhdNQgFOZ74xAKwZmBgFa2hf8_2Y"],"Replay-Nonce":["Bmt6KgqLJVu3n7DJBkJoAw"]}, "status_code": 201}
specter-seed-1    | 2022-08-10T21:44:54.371Z    DEBUG   acme_client     acme/http.go:270        http request    {"component": "issuer", "method": "POST", "url": "https://pebble:14000/order-plz", "headers": {"Content-Type":["application/jose+json"],"User-Agent":["CertMagic acmez (linux; amd64)"]}, "response_headers": {"Cache-Control":["public, max-age=0, no-cache"],"Content-Length":["374"],"Content-Type":["application/json; charset=utf-8"],"Date":["Wed, 10 Aug 2022 21:44:54 GMT"],"Link":["<https://pebble:14000/dir>;rel=\"index\""],"Location":["https://pebble:14000/my-order/g9sBG5fa9ZlZWy5Xis-tNGrbZPyzMRFRYlyMVj3Qr_g"],"Replay-Nonce":["3D9WwfJJIeg2B2rWwvD_ng"]}, "status_code": 201}
specter-pebble-1  | Pebble 2022/08/10 21:44:54 POST /authZ/ -> calling handler()
specter-pebble-1  | Pebble 2022/08/10 21:44:54 POST /authZ/ -> calling handler()
specter-seed-1    | 2022-08-10T21:44:54.373Z    DEBUG   acme_client     acme/http.go:270        http request    {"component": "issuer", "method": "POST", "url": "https://pebble:14000/authZ/2kaN2IMcuSwGh1uwxQDUXAUYwmo3ZF49TTk6grmb_Oc", "headers": {"Content-Type":["application/jose+json"],"User-Agent":["CertMagic acmez (linux; amd64)"]}, "response_headers": {"Cache-Control":["public, max-age=0, no-cache"],"Content-Length":["857"],"Content-Type":["application/json; charset=utf-8"],"Date":["Wed, 10 Aug 2022 21:44:54 GMT"],"Link":["<https://pebble:14000/dir>;rel=\"index\""],"Replay-Nonce":["eUlA1Nc8FcYTeJCsp9r97A"]}, "status_code": 200}
specter-seed-1    | 2022-08-10T21:44:54.373Z    DEBUG   acme_client     acme/http.go:270        http request    {"component": "issuer", "method": "POST", "url": "https://pebble:14000/authZ/lmo2PRPdt0AUJGfd2LpS5jfM4Cwt-w75SvOo11ncV2M", "headers": {"Content-Type":["application/jose+json"],"User-Agent":["CertMagic acmez (linux; amd64)"]}, "response_headers": {"Cache-Control":["public, max-age=0, no-cache"],"Content-Length":["416"],"Content-Type":["application/json; charset=utf-8"],"Date":["Wed, 10 Aug 2022 21:44:54 GMT"],"Link":["<https://pebble:14000/dir>;rel=\"index\""],"Replay-Nonce":["uRIODJvsm3tWswHr0ZEejw"]}, "status_code": 200}
specter-seed-1    | 2022-08-10T21:44:54.374Z    DEBUG   acme_client     acmez@v1.0.4/client.go:473      no solver configured    {"component": "issuer", "challenge_type": "http-01"}
specter-seed-1    | 2022-08-10T21:44:54.374Z    INFO    acme_client     acmez@v1.0.4/client.go:391      trying to solve challenge       {"component": "issuer", "identifier": "dev.con.nect.sh", "challenge_type": "dns-01", "ca": "https://pebble:14000/dir"}
specter-seed-1    | 2022-08-10T21:44:54.374Z    INFO    acme_client     acmez@v1.0.4/client.go:391      trying to solve challenge       {"component": "issuer", "identifier": "*.dev.con.nect.sh", "challenge_type": "dns-01", "ca": "https://pebble:14000/dir"}
specter-seed-1    | 2022-08-10T21:44:54.374Z    DEBUG   server/server.go:37     solver present challenge        {"challenge": {"type":"dns-01","url":"https://pebble:14000/chalZ/ctKCu6ZpgoxYaDKT8ZCexWO2xLRo1YmqdTomuqvVl9w","status":"pending","token":"20v3UYR0yN_vR3MOk8dXhkAuBXTQsabG3kOFdynroCE","keyAuthorization":"20v3UYR0yN_vR3MOk8dXhkAuBXTQsabG3kOFdynroCE.6OcYnmN1prPEKH2iLPo_Vf8LkvwxFq1w5IycaT31mVc","identifier":{"type":"dns","value":"dev.con.nect.sh"}}}
specter-seed-1    | 2022-08-10T21:44:54.374Z    DEBUG   acme_client     acmez@v1.0.4/client.go:422      waiting for solver before continuing    {"component": "issuer", "identifier": "dev.con.nect.sh", "challenge_type": "dns-01"}
specter-seed-1    | 2022-08-10T21:44:54.374Z    DEBUG   server/server.go:37     solver present challenge        {"challenge": {"type":"dns-01","url":"https://pebble:14000/chalZ/P7H-MueOyrRVBchqxwwapsjbDAU_eNQWtB8Rq2QkMXI","status":"pending","token":"Ea5hI2kIzZ7N6mKKmWpZ291ZSxjyMzPM8k9fCl17hOs","keyAuthorization":"Ea5hI2kIzZ7N6mKKmWpZ291ZSxjyMzPM8k9fCl17hOs.76WOGII2iNU29e4Z2xLX02HF2Npi4_P0ZWqNV9cNOGc","identifier":{"type":"dns","value":"dev.con.nect.sh"}}}
specter-seed-1    | 2022-08-10T21:44:54.374Z    DEBUG   acme_client     acmez@v1.0.4/client.go:428      done waiting for solver {"component": "issuer", "identifier": "dev.con.nect.sh", "challenge_type": "dns-01"}
specter-seed-1    | 2022-08-10T21:44:54.374Z    DEBUG   acme_client     acmez@v1.0.4/client.go:422      waiting for solver before continuing    {"component": "issuer", "identifier": "*.dev.con.nect.sh", "challenge_type": "dns-01"}
specter-seed-1    | 2022-08-10T21:44:54.374Z    DEBUG   acme_client     acmez@v1.0.4/client.go:428      done waiting for solver {"component": "issuer", "identifier": "*.dev.con.nect.sh", "challenge_type": "dns-01"}
specter-pebble-1  | Pebble 2022/08/10 21:44:54 POST /chalZ/ -> calling handler()
specter-pebble-1  | Pebble 2022/08/10 21:44:54 POST /chalZ/ -> calling handler()
specter-pebble-1  | Pebble 2022/08/10 21:44:54 Pulled a task from the Tasks queue: &va.vaTask{Identifier:acme.Identifier{Type:"dns", Value:"dev.con.nect.sh"}, Challenge:(*core.Challenge)(0xc0002ba3c0), Account:(*core.Account)(0xc00007c300)}
specter-pebble-1  | Pebble 2022/08/10 21:44:54 Starting 3 validations.
specter-pebble-1  | Pebble 2022/08/10 21:44:54 Pulled a task from the Tasks queue: &va.vaTask{Identifier:acme.Identifier{Type:"dns", Value:"dev.con.nect.sh"}, Challenge:(*core.Challenge)(0xc0004fe5a0), Account:(*core.Account)(0xc000502360)}
specter-pebble-1  | Pebble 2022/08/10 21:44:54 Starting 3 validations.
specter-pebble-1  | Pebble 2022/08/10 21:44:54 PEBBLE_VA_ALWAYS_VALID is enabled. Skipping real validation of challenge ctKCu6ZpgoxYaDKT8ZCexWO2xLRo1YmqdTomuqvVl9w
specter-pebble-1  | Pebble 2022/08/10 21:44:54 PEBBLE_VA_ALWAYS_VALID is enabled. Skipping real validation of challenge ctKCu6ZpgoxYaDKT8ZCexWO2xLRo1YmqdTomuqvVl9w
specter-pebble-1  | Pebble 2022/08/10 21:44:54 PEBBLE_VA_ALWAYS_VALID is enabled. Skipping real validation of challenge ctKCu6ZpgoxYaDKT8ZCexWO2xLRo1YmqdTomuqvVl9w
specter-pebble-1  | Pebble 2022/08/10 21:44:54 authz 2kaN2IMcuSwGh1uwxQDUXAUYwmo3ZF49TTk6grmb_Oc set VALID by completed challenge ctKCu6ZpgoxYaDKT8ZCexWO2xLRo1YmqdTomuqvVl9w
specter-pebble-1  | Pebble 2022/08/10 21:44:54 PEBBLE_VA_ALWAYS_VALID is enabled. Skipping real validation of challenge P7H-MueOyrRVBchqxwwapsjbDAU_eNQWtB8Rq2QkMXI
specter-pebble-1  | Pebble 2022/08/10 21:44:54 PEBBLE_VA_ALWAYS_VALID is enabled. Skipping real validation of challenge P7H-MueOyrRVBchqxwwapsjbDAU_eNQWtB8Rq2QkMXI
specter-pebble-1  | Pebble 2022/08/10 21:44:54 PEBBLE_VA_ALWAYS_VALID is enabled. Skipping real validation of challenge P7H-MueOyrRVBchqxwwapsjbDAU_eNQWtB8Rq2QkMXI
specter-pebble-1  | Pebble 2022/08/10 21:44:54 authz lmo2PRPdt0AUJGfd2LpS5jfM4Cwt-w75SvOo11ncV2M set VALID by completed challenge P7H-MueOyrRVBchqxwwapsjbDAU_eNQWtB8Rq2QkMXI
specter-seed-1    | 2022-08-10T21:44:54.376Z    DEBUG   acme_client     acme/http.go:270        http request    {"component": "issuer", "method": "POST", "url": "https://pebble:14000/chalZ/ctKCu6ZpgoxYaDKT8ZCexWO2xLRo1YmqdTomuqvVl9w", "headers": {"Content-Type":["application/jose+json"],"User-Agent":["CertMagic acmez (linux; amd64)"]}, "response_headers": {"Cache-Control":["public, max-age=0, no-cache"],"Content-Length":["190"],"Content-Type":["application/json; charset=utf-8"],"Date":["Wed, 10 Aug 2022 21:44:54 GMT"],"Link":["<https://pebble:14000/dir>;rel=\"index\"","<https://pebble:14000/authZ/2kaN2IMcuSwGh1uwxQDUXAUYwmo3ZF49TTk6grmb_Oc>;rel=\"up\""],"Replay-Nonce":["zviCwIqsGI-MmBDYyZyICA"]}, "status_code": 200}
specter-seed-1    | 2022-08-10T21:44:54.376Z    DEBUG   acme_client     acme/http.go:270        http request    {"component": "issuer", "method": "POST", "url": "https://pebble:14000/chalZ/P7H-MueOyrRVBchqxwwapsjbDAU_eNQWtB8Rq2QkMXI", "headers": {"Content-Type":["application/jose+json"],"User-Agent":["CertMagic acmez (linux; amd64)"]}, "response_headers": {"Cache-Control":["public, max-age=0, no-cache"],"Content-Length":["190"],"Content-Type":["application/json; charset=utf-8"],"Date":["Wed, 10 Aug 2022 21:44:54 GMT"],"Link":["<https://pebble:14000/dir>;rel=\"index\"","<https://pebble:14000/authZ/lmo2PRPdt0AUJGfd2LpS5jfM4Cwt-w75SvOo11ncV2M>;rel=\"up\""],"Replay-Nonce":["k95dBt_h7OqcXN1WMh__AA"]}, "status_code": 200}
specter-seed-1    | 2022-08-10T21:44:54.376Z    DEBUG   acme_client     acmez@v1.0.4/client.go:445      challenge accepted      {"component": "issuer", "identifier": "dev.con.nect.sh", "challenge_type": "dns-01"}
specter-seed-1    | 2022-08-10T21:44:54.377Z    DEBUG   acme_client     acmez@v1.0.4/client.go:445      challenge accepted      {"component": "issuer", "identifier": "*.dev.con.nect.sh", "challenge_type": "dns-01"}
specter-pebble-1  | Pebble 2022/08/10 21:44:54 POST /authZ/ -> calling handler()
specter-pebble-1  | Pebble 2022/08/10 21:44:54 POST /authZ/ -> calling handler()
specter-seed-1    | 2022-08-10T21:44:54.630Z    DEBUG   acme_client     acme/http.go:270        http request    {"component": "issuer", "method": "POST", "url": "https://pebble:14000/authZ/lmo2PRPdt0AUJGfd2LpS5jfM4Cwt-w75SvOo11ncV2M", "headers": {"Content-Type":["application/jose+json"],"User-Agent":["CertMagic acmez (linux; amd64)"]}, "response_headers": {"Cache-Control":["public, max-age=0, no-cache"],"Content-Length":["458"],"Content-Type":["application/json; charset=utf-8"],"Date":["Wed, 10 Aug 2022 21:44:54 GMT"],"Link":["<https://pebble:14000/dir>;rel=\"index\""],"Replay-Nonce":["Ma5MNkohy_e-UAyA8FqOXg"]}, "status_code": 200}
specter-seed-1    | 2022-08-10T21:44:54.630Z    DEBUG   acme_client     acme/http.go:270        http request    {"component": "issuer", "method": "POST", "url": "https://pebble:14000/authZ/2kaN2IMcuSwGh1uwxQDUXAUYwmo3ZF49TTk6grmb_Oc", "headers": {"Content-Type":["application/jose+json"],"User-Agent":["CertMagic acmez (linux; amd64)"]}, "response_headers": {"Cache-Control":["public, max-age=0, no-cache"],"Content-Length":["437"],"Content-Type":["application/json; charset=utf-8"],"Date":["Wed, 10 Aug 2022 21:44:54 GMT"],"Link":["<https://pebble:14000/dir>;rel=\"index\""],"Replay-Nonce":["ouOfiDC6oYmkyPB9DoVrhg"]}, "status_code": 200}
specter-seed-1    | 2022-08-10T21:44:54.631Z    DEBUG   server/server.go:42     solver cleanup challenge        {"challenge": {"type":"dns-01","url":"https://pebble:14000/chalZ/ctKCu6ZpgoxYaDKT8ZCexWO2xLRo1YmqdTomuqvVl9w","status":"pending","token":"20v3UYR0yN_vR3MOk8dXhkAuBXTQsabG3kOFdynroCE","keyAuthorization":"20v3UYR0yN_vR3MOk8dXhkAuBXTQsabG3kOFdynroCE.6OcYnmN1prPEKH2iLPo_Vf8LkvwxFq1w5IycaT31mVc","identifier":{"type":"dns","value":"dev.con.nect.sh"}}}
specter-seed-1    | 2022-08-10T21:44:54.631Z    INFO    acme_client     acmez@v1.0.4/client.go:548      authorization finalized {"component": "issuer", "identifier": "dev.con.nect.sh", "authz_status": "valid"}
specter-seed-1    | 2022-08-10T21:44:54.631Z    DEBUG   server/server.go:42     solver cleanup challenge        {"challenge": {"type":"dns-01","url":"https://pebble:14000/chalZ/P7H-MueOyrRVBchqxwwapsjbDAU_eNQWtB8Rq2QkMXI","status":"pending","token":"Ea5hI2kIzZ7N6mKKmWpZ291ZSxjyMzPM8k9fCl17hOs","keyAuthorization":"Ea5hI2kIzZ7N6mKKmWpZ291ZSxjyMzPM8k9fCl17hOs.76WOGII2iNU29e4Z2xLX02HF2Npi4_P0ZWqNV9cNOGc","identifier":{"type":"dns","value":"dev.con.nect.sh"}}}
specter-seed-1    | 2022-08-10T21:44:54.631Z    INFO    acme_client     acmez@v1.0.4/client.go:161      validations succeeded; finalizing order {"component": "issuer", "order": "https://pebble:14000/my-order/TnG_Krv-_uu2L33IhdNQgFOZ74xAKwZmBgFa2hf8_2Y"}
specter-seed-1    | 2022-08-10T21:44:54.631Z    INFO    acme_client     acmez@v1.0.4/client.go:548      authorization finalized {"component": "issuer", "identifier": "*.dev.con.nect.sh", "authz_status": "valid"}
specter-seed-1    | 2022-08-10T21:44:54.632Z    INFO    acme_client     acmez@v1.0.4/client.go:161      validations succeeded; finalizing order {"component": "issuer", "order": "https://pebble:14000/my-order/g9sBG5fa9ZlZWy5Xis-tNGrbZPyzMRFRYlyMVj3Qr_g"}
specter-pebble-1  | Pebble 2022/08/10 21:44:54 POST /finalize-order/ -> calling handler()
specter-pebble-1  | Pebble 2022/08/10 21:44:54 POST /finalize-order/ -> calling handler()
specter-pebble-1  | Pebble 2022/08/10 21:44:54 Order TnG_Krv-_uu2L33IhdNQgFOZ74xAKwZmBgFa2hf8_2Y is fully authorized. Processing finalization
specter-pebble-1  | Pebble 2022/08/10 21:44:54 Order g9sBG5fa9ZlZWy5Xis-tNGrbZPyzMRFRYlyMVj3Qr_g is fully authorized. Processing finalization
specter-seed-1    | 2022-08-10T21:44:54.635Z    DEBUG   acme_client     acme/http.go:270        http request    {"component": "issuer", "method": "POST", "url": "https://pebble:14000/finalize-order/TnG_Krv-_uu2L33IhdNQgFOZ74xAKwZmBgFa2hf8_2Y", "headers": {"Content-Type":["application/jose+json"],"User-Agent":["CertMagic acmez (linux; amd64)"]}, "response_headers": {"Cache-Control":["public, max-age=0, no-cache"],"Content-Length":["375"],"Content-Type":["application/json; charset=utf-8"],"Date":["Wed, 10 Aug 2022 21:44:54 GMT"],"Link":["<https://pebble:14000/dir>;rel=\"index\""],"Location":["https://pebble:14000/my-order/TnG_Krv-_uu2L33IhdNQgFOZ74xAKwZmBgFa2hf8_2Y"],"Replay-Nonce":["VTldRNnK7sXzOgzQxygpFg"]}, "status_code": 200}
specter-seed-1    | 2022-08-10T21:44:54.635Z    DEBUG   acme_client     acme/http.go:270        http request    {"component": "issuer", "method": "POST", "url": "https://pebble:14000/finalize-order/g9sBG5fa9ZlZWy5Xis-tNGrbZPyzMRFRYlyMVj3Qr_g", "headers": {"Content-Type":["application/jose+json"],"User-Agent":["CertMagic acmez (linux; amd64)"]}, "response_headers": {"Cache-Control":["public, max-age=0, no-cache"],"Content-Length":["377"],"Content-Type":["application/json; charset=utf-8"],"Date":["Wed, 10 Aug 2022 21:44:54 GMT"],"Link":["<https://pebble:14000/dir>;rel=\"index\""],"Location":["https://pebble:14000/my-order/g9sBG5fa9ZlZWy5Xis-tNGrbZPyzMRFRYlyMVj3Qr_g"],"Replay-Nonce":["d4FFaHV78M4xtglIaqNh-g"]}, "status_code": 200}
specter-pebble-1  | Pebble 2022/08/10 21:44:54 Issued certificate serial 608a266feb64d81c for order TnG_Krv-_uu2L33IhdNQgFOZ74xAKwZmBgFa2hf8_2Y
specter-pebble-1  | Pebble 2022/08/10 21:44:54 Issued certificate serial 1a7320f4ed427dc1 for order g9sBG5fa9ZlZWy5Xis-tNGrbZPyzMRFRYlyMVj3Qr_g
specter-pebble-1  | Pebble 2022/08/10 21:44:54 POST /my-order/ -> calling handler()
specter-pebble-1  | Pebble 2022/08/10 21:44:54 POST /my-order/ -> calling handler()
specter-seed-1    | 2022-08-10T21:44:54.890Z    DEBUG   acme_client     acme/http.go:270        http request    {"component": "issuer", "method": "POST", "url": "https://pebble:14000/my-order/g9sBG5fa9ZlZWy5Xis-tNGrbZPyzMRFRYlyMVj3Qr_g", "headers": {"Content-Type":["application/jose+json"],"User-Agent":["CertMagic acmez (linux; amd64)"]}, "response_headers": {"Cache-Control":["public, max-age=0, no-cache"],"Content-Length":["437"],"Content-Type":["application/json; charset=utf-8"],"Date":["Wed, 10 Aug 2022 21:44:54 GMT"],"Link":["<https://pebble:14000/dir>;rel=\"index\""],"Replay-Nonce":["3wzYP5ES-T-1rgBxatNSKA"]}, "status_code": 200}
specter-seed-1    | 2022-08-10T21:44:54.890Z    DEBUG   acme_client     acme/http.go:270        http request    {"component": "issuer", "method": "POST", "url": "https://pebble:14000/my-order/TnG_Krv-_uu2L33IhdNQgFOZ74xAKwZmBgFa2hf8_2Y", "headers": {"Content-Type":["application/jose+json"],"User-Agent":["CertMagic acmez (linux; amd64)"]}, "response_headers": {"Cache-Control":["public, max-age=0, no-cache"],"Content-Length":["435"],"Content-Type":["application/json; charset=utf-8"],"Date":["Wed, 10 Aug 2022 21:44:54 GMT"],"Link":["<https://pebble:14000/dir>;rel=\"index\""],"Replay-Nonce":["LRcSLoCg15iZfcdbhOa3-g"]}, "status_code": 200}
specter-pebble-1  | Pebble 2022/08/10 21:44:54 POST /certZ/ -> calling handler()
specter-pebble-1  | Pebble 2022/08/10 21:44:54 POST /certZ/ -> calling handler()
specter-seed-1    | 2022-08-10T21:44:54.893Z    DEBUG   acme_client     acme/http.go:270        http request    {"component": "issuer", "method": "POST", "url": "https://pebble:14000/certZ/1a7320f4ed427dc1", "headers": {"Content-Type":["application/jose+json"],"User-Agent":["CertMagic acmez (linux; amd64)"]}, "response_headers": {"Cache-Control":["public, max-age=0, no-cache"],"Content-Length":["2172"],"Content-Type":["application/pem-certificate-chain; charset=utf-8"],"Date":["Wed, 10 Aug 2022 21:44:54 GMT"],"Link":["<https://pebble:14000/dir>;rel=\"index\""],"Replay-Nonce":["Gogw6it3p49bnhU_pCe7ow"]}, "status_code": 200}
specter-seed-1    | 2022-08-10T21:44:54.893Z    DEBUG   acme_client     acme/http.go:270        http request    {"component": "issuer", "method": "POST", "url": "https://pebble:14000/certZ/608a266feb64d81c", "headers": {"Content-Type":["application/jose+json"],"User-Agent":["CertMagic acmez (linux; amd64)"]}, "response_headers": {"Cache-Control":["public, max-age=0, no-cache"],"Content-Length":["147"],"Content-Type":["application/problem+json; charset=utf-8"],"Date":["Wed, 10 Aug 2022 21:44:54 GMT"],"Link":["<https://pebble:14000/dir>;rel=\"index\""],"Replay-Nonce":["uic6vxRfu8NqiY2lCWii9g"]}, "status_code": 400}
specter-seed-1    | 2022-08-10T21:44:54.894Z    INFO    acme_client     acmez@v1.0.4/client.go:181      successfully downloaded available certificate chains    {"component": "issuer", "count": 1, "first_url": "https://pebble:14000/certZ/1a7320f4ed427dc1"}
specter-seed-1    | 2022-08-10T21:44:54.894Z    DEBUG   acme_client     acme/http.go:99 server rejected our nonce; retrying     {"component": "issuer", "detail": "JWS has an invalid anti-replay nonce: LRcSLoCg15iZfcdbhOa3-g", "error": "HTTP 400 urn:ietf:params:acme:error:badNonce - JWS has an invalid anti-replay nonce: LRcSLoCg15iZfcdbhOa3-g"}
specter-srvc-1    | 2022-08-10T21:44:54.896Z    DEBUG   chord/local_kv.go:54    KV Put  {"component": "chord", "node": 118605669798269, "key": "/acme-storage/certificates/pebble-14000-dir/wildcard_.dev.con.nect.sh/wildcard_.dev.con.nect.sh.key", "id": 37624296909630}
specter-seed-1    | 2022-08-10T21:44:54.897Z    DEBUG   chord/local_kv.go:54    KV Put  {"component": "chord", "node": 272898810982308, "key": "/acme-storage/certificates/pebble-14000-dir/wildcard_.dev.con.nect.sh/wildcard_.dev.con.nect.sh.crt", "id": 169844222509893}
specter-seed-1    | 2022-08-10T21:44:54.897Z    DEBUG   chord/local_kv.go:54    KV Put  {"component": "chord", "node": 272898810982308, "key": "/acme-storage/certificates/pebble-14000-dir/wildcard_.dev.con.nect.sh/wildcard_.dev.con.nect.sh.json", "id": 264402947476177}
specter-seed-1    | 2022-08-10T21:44:54.897Z    INFO    obtain  certmagic@v0.16.2/config.go:583 certificate obtained successfully       {"component": "acme", "identifier": "*.dev.con.nect.sh"}
specter-seed-1    | 2022-08-10T21:44:54.897Z    INFO    obtain  certmagic@v0.16.2/config.go:477 releasing lock  {"component": "acme", "identifier": "*.dev.con.nect.sh"}
specter-srvc-1    | 2022-08-10T21:44:54.899Z    DEBUG   chord/local_kv.go:138   KV Release      {"component": "chord", "node": 118605669798269, "lease": "/acme-storage/issue_cert_*.dev.con.nect.sh", "id": 1553179569973}
specter-srvc-1    | 2022-08-10T21:44:54.901Z    DEBUG   chord/local_kv.go:65    KV Get  {"component": "chord", "node": 118605669798269, "key": "/acme-storage/certificates/pebble-14000-dir/wildcard_.dev.con.nect.sh/wildcard_.dev.con.nect.sh.key", "id": 37624296909630}
specter-seed-1    | 2022-08-10T21:44:54.902Z    DEBUG   storage/chord.go:131    Load returned something {"component": "storage", "key": "certificates/pebble-14000-dir/wildcard_.dev.con.nect.sh/wildcard_.dev.con.nect.sh.key", "val_length": 227}
specter-seed-1    | 2022-08-10T21:44:54.903Z    DEBUG   chord/local_kv.go:65    KV Get  {"component": "chord", "node": 272898810982308, "key": "/acme-storage/certificates/pebble-14000-dir/wildcard_.dev.con.nect.sh/wildcard_.dev.con.nect.sh.crt", "id": 169844222509893}
specter-seed-1    | 2022-08-10T21:44:54.903Z    DEBUG   storage/chord.go:131    Load returned something {"component": "storage", "key": "certificates/pebble-14000-dir/wildcard_.dev.con.nect.sh/wildcard_.dev.con.nect.sh.crt", "val_length": 2172}
specter-seed-1    | 2022-08-10T21:44:54.904Z    DEBUG   chord/local_kv.go:65    KV Get  {"component": "chord", "node": 272898810982308, "key": "/acme-storage/certificates/pebble-14000-dir/wildcard_.dev.con.nect.sh/wildcard_.dev.con.nect.sh.json", "id": 264402947476177}
specter-seed-1    | 2022-08-10T21:44:54.905Z    DEBUG   storage/chord.go:131    Load returned something {"component": "storage", "key": "certificates/pebble-14000-dir/wildcard_.dev.con.nect.sh/wildcard_.dev.con.nect.sh.json", "val_length": 116}
specter-seed-1    | 2022-08-10T21:44:54.905Z    DEBUG   chord/local_kv.go:65    KV Get  {"component": "chord", "node": 272898810982308, "key": "/acme-storage/ocsp/wildcard_.dev.con.nect.sh-5b1526fa", "id": 235326812376913}
specter-seed-1    | 2022-08-10T21:44:54.906Z    DEBUG   storage/chord.go:128    Load returned not found {"component": "storage", "key": "ocsp/wildcard_.dev.con.nect.sh-5b1526fa"}
specter-seed-1    | 2022-08-10T21:44:54.906Z    WARN    certmagic@v0.16.2/certificates.go:222   stapling OCSP   {"component": "acme", "error": "no OCSP stapling for [*.dev.con.nect.sh]: no OCSP server specified in certificate", "identifiers": ["*.dev.con.nect.sh"]}
specter-seed-1    | github.com/caddyserver/certmagic.Config.makeCertificateWithOCSP
specter-seed-1    |     /go/pkg/mod/github.com/caddyserver/certmagic@v0.16.2/certificates.go:222
specter-seed-1    | github.com/caddyserver/certmagic.(*Config).loadManagedCertificate
specter-seed-1    |     /go/pkg/mod/github.com/caddyserver/certmagic@v0.16.2/certificates.go:137
specter-seed-1    | github.com/caddyserver/certmagic.(*Config).CacheManagedCertificate
specter-seed-1    |     /go/pkg/mod/github.com/caddyserver/certmagic@v0.16.2/certificates.go:120
specter-seed-1    | github.com/caddyserver/certmagic.(*Config).manageOne.func1
specter-seed-1    |     /go/pkg/mod/github.com/caddyserver/certmagic@v0.16.2/config.go:347
specter-seed-1    | github.com/caddyserver/certmagic.(*jobManager).worker
specter-seed-1    |     /go/pkg/mod/github.com/caddyserver/certmagic@v0.16.2/async.go:73
specter-pebble-1  | Pebble 2022/08/10 21:44:55 POST /certZ/ -> calling handler()
specter-seed-1    | 2022-08-10T21:44:55.147Z    DEBUG   acme_client     acme/http.go:270        http request    {"component": "issuer", "method": "POST", "url": "https://pebble:14000/certZ/608a266feb64d81c", "headers": {"Content-Type":["application/jose+json"],"User-Agent":["CertMagic acmez (linux; amd64)"]}, "response_headers": {"Cache-Control":["public, max-age=0, no-cache"],"Content-Length":["2164"],"Content-Type":["application/pem-certificate-chain; charset=utf-8"],"Date":["Wed, 10 Aug 2022 21:44:55 GMT"],"Link":["<https://pebble:14000/dir>;rel=\"index\""],"Replay-Nonce":["WH3RamnYqIi-kl-uH26dVQ"]}, "status_code": 200}
specter-seed-1    | 2022-08-10T21:44:55.148Z    INFO    acme_client     acmez@v1.0.4/client.go:181      successfully downloaded available certificate chains    {"component": "issuer", "count": 1, "first_url": "https://pebble:14000/certZ/608a266feb64d81c"}
specter-seed-1    | 2022-08-10T21:44:55.150Z    DEBUG   chord/local_kv.go:54    KV Put  {"component": "chord", "node": 272898810982308, "key": "/acme-storage/certificates/pebble-14000-dir/dev.con.nect.sh/dev.con.nect.sh.key", "id": 179364425046919}
specter-srvc-1    | 2022-08-10T21:44:55.152Z    DEBUG   chord/local_kv.go:54    KV Put  {"component": "chord", "node": 118605669798269, "key": "/acme-storage/certificates/pebble-14000-dir/dev.con.nect.sh/dev.con.nect.sh.crt", "id": 53321444973030}
specter-seed-1    | 2022-08-10T21:44:55.153Z    DEBUG   chord/local_kv.go:54    KV Put  {"component": "chord", "node": 272898810982308, "key": "/acme-storage/certificates/pebble-14000-dir/dev.con.nect.sh/dev.con.nect.sh.json", "id": 272673322735340}
specter-seed-1    | 2022-08-10T21:44:55.154Z    INFO    obtain  certmagic@v0.16.2/config.go:583 certificate obtained successfully       {"component": "acme", "identifier": "dev.con.nect.sh"}
specter-seed-1    | 2022-08-10T21:44:55.154Z    INFO    obtain  certmagic@v0.16.2/config.go:477 releasing lock  {"component": "acme", "identifier": "dev.con.nect.sh"}
specter-seed-1    | 2022-08-10T21:44:55.154Z    DEBUG   chord/local_kv.go:138   KV Release      {"component": "chord", "node": 272898810982308, "lease": "/acme-storage/issue_cert_dev.con.nect.sh", "id": 158622818693899}
specter-seed-1    | 2022-08-10T21:44:55.154Z    DEBUG   chord/local_kv.go:65    KV Get  {"component": "chord", "node": 272898810982308, "key": "/acme-storage/certificates/pebble-14000-dir/dev.con.nect.sh/dev.con.nect.sh.key", "id": 179364425046919}
specter-seed-1    | 2022-08-10T21:44:55.155Z    DEBUG   storage/chord.go:131    Load returned something {"component": "storage", "key": "certificates/pebble-14000-dir/dev.con.nect.sh/dev.con.nect.sh.key", "val_length": 227}
specter-srvc-1    | 2022-08-10T21:44:55.156Z    DEBUG   chord/local_kv.go:65    KV Get  {"component": "chord", "node": 118605669798269, "key": "/acme-storage/certificates/pebble-14000-dir/dev.con.nect.sh/dev.con.nect.sh.crt", "id": 53321444973030}
specter-seed-1    | 2022-08-10T21:44:55.158Z    DEBUG   storage/chord.go:131    Load returned something {"component": "storage", "key": "certificates/pebble-14000-dir/dev.con.nect.sh/dev.con.nect.sh.crt", "val_length": 2164}
specter-seed-1    | 2022-08-10T21:44:55.159Z    DEBUG   chord/local_kv.go:65    KV Get  {"component": "chord", "node": 272898810982308, "key": "/acme-storage/certificates/pebble-14000-dir/dev.con.nect.sh/dev.con.nect.sh.json", "id": 272673322735340}
specter-seed-1    | 2022-08-10T21:44:55.159Z    DEBUG   storage/chord.go:131    Load returned something {"component": "storage", "key": "certificates/pebble-14000-dir/dev.con.nect.sh/dev.con.nect.sh.json", "val_length": 114}
specter-seed-1    | 2022-08-10T21:44:55.161Z    DEBUG   chord/local_kv.go:65    KV Get  {"component": "chord", "node": 272898810982308, "key": "/acme-storage/ocsp/dev.con.nect.sh-dba4b941", "id": 159017762380566}
specter-seed-1    | 2022-08-10T21:44:55.162Z    DEBUG   storage/chord.go:128    Load returned not found {"component": "storage", "key": "ocsp/dev.con.nect.sh-dba4b941"}
specter-seed-1    | 2022-08-10T21:44:55.162Z    WARN    certmagic@v0.16.2/certificates.go:222   stapling OCSP   {"component": "acme", "error": "no OCSP stapling for [dev.con.nect.sh]: no OCSP server specified in certificate", "identifiers": ["dev.con.nect.sh"]}
specter-seed-1    | github.com/caddyserver/certmagic.Config.makeCertificateWithOCSP
specter-seed-1    |     /go/pkg/mod/github.com/caddyserver/certmagic@v0.16.2/certificates.go:222
specter-seed-1    | github.com/caddyserver/certmagic.(*Config).loadManagedCertificate
specter-seed-1    |     /go/pkg/mod/github.com/caddyserver/certmagic@v0.16.2/certificates.go:137
specter-seed-1    | github.com/caddyserver/certmagic.(*Config).CacheManagedCertificate
specter-seed-1    |     /go/pkg/mod/github.com/caddyserver/certmagic@v0.16.2/certificates.go:120
specter-seed-1    | github.com/caddyserver/certmagic.(*Config).manageOne.func1
specter-seed-1    |     /go/pkg/mod/github.com/caddyserver/certmagic@v0.16.2/config.go:347
specter-seed-1    | github.com/caddyserver/certmagic.(*jobManager).worker
specter-seed-1    |     /go/pkg/mod/github.com/caddyserver/certmagic@v0.16.2/async.go:73
specter-srvb-1    | 2022-08-10T21:44:59.284Z    INFO    chord/local_membership.go:64    Joining Chord ring      {"component": "chord", "node": 84671371534117, "attempt": 2, "via": "seed:1113"}
specter-srvd-1    | 2022-08-10T21:44:59.285Z    INFO    chord/local_membership.go:64    Joining Chord ring      {"component": "chord", "node": 76056495571947, "attempt": 2, "via": "seed:1113"}
specter-srva-1    | 2022-08-10T21:44:59.284Z    INFO    chord/local_membership.go:64    Joining Chord ring      {"component": "chord", "node": 37795961421988, "attempt": 2, "via": "seed:1113"}
specter-srvc-1    | 2022-08-10T21:44:59.289Z    DEBUG   overlay/transport.go:83 Creating new QUIC connection    {"component": "chord", "node": 118605669798269, "peer": "id:76056495571947 address:\"srvd:1113\""}
specter-srvc-1    | 2022-08-10T21:44:59.289Z    DEBUG   overlay/transport.go:83 Creating new QUIC connection    {"component": "chord", "node": 118605669798269, "peer": "id:37795961421988 address:\"srva:1113\""}
specter-srvc-1    | 2022-08-10T21:44:59.289Z    DEBUG   overlay/transport.go:83 Creating new QUIC connection    {"component": "chord", "node": 118605669798269, "peer": "id:84671371534117 address:\"srvb:1113\""}
specter-srva-1    | 2022-08-10T21:44:59.311Z    DEBUG   overlay/transport.go:299        saving quic connection for reuse        {"component": "chord", "node": 37795961421988, "direction": "incoming", "key": "srvc:1113/118605669798269"}
specter-srva-1    | 2022-08-10T21:44:59.311Z    DEBUG   overlay/transport.go:361        Starting goroutines to handle streams and datagrams     {"component": "chord", "node": 37795961421988, "direction": "incoming", "key": "srvc:1113/118605669798269"}
specter-srvd-1    | 2022-08-10T21:44:59.311Z    DEBUG   overlay/transport.go:299        saving quic connection for reuse        {"component": "chord", "node": 76056495571947, "direction": "incoming", "key": "srvc:1113/118605669798269"}
specter-srvd-1    | 2022-08-10T21:44:59.311Z    DEBUG   overlay/transport.go:361        Starting goroutines to handle streams and datagrams     {"component": "chord", "node": 76056495571947, "direction": "incoming", "key": "srvc:1113/118605669798269"}
specter-srvb-1    | 2022-08-10T21:44:59.311Z    DEBUG   overlay/transport.go:299        saving quic connection for reuse        {"component": "chord", "node": 84671371534117, "direction": "incoming", "key": "srvc:1113/118605669798269"}
specter-srvb-1    | 2022-08-10T21:44:59.311Z    DEBUG   overlay/transport.go:361        Starting goroutines to handle streams and datagrams     {"component": "chord", "node": 84671371534117, "direction": "incoming", "key": "srvc:1113/118605669798269"}
specter-srvc-1    | 2022-08-10T21:44:59.311Z    DEBUG   overlay/transport.go:299        saving quic connection for reuse        {"component": "chord", "node": 118605669798269, "direction": "outgoing", "key": "srva:1113/37795961421988"}
specter-srvc-1    | 2022-08-10T21:44:59.312Z    DEBUG   overlay/transport.go:361        Starting goroutines to handle streams and datagrams     {"component": "chord", "node": 118605669798269, "direction": "outgoing", "key": "srva:1113/37795961421988"}
specter-srvc-1    | 2022-08-10T21:44:59.312Z    DEBUG   overlay/transport.go:299        saving quic connection for reuse        {"component": "chord", "node": 118605669798269, "direction": "outgoing", "key": "srvd:1113/76056495571947"}
specter-srvc-1    | 2022-08-10T21:44:59.312Z    DEBUG   overlay/transport.go:361        Starting goroutines to handle streams and datagrams     {"component": "chord", "node": 118605669798269, "direction": "outgoing", "key": "srvd:1113/76056495571947"}
specter-srvc-1    | 2022-08-10T21:44:59.312Z    DEBUG   overlay/transport.go:299        saving quic connection for reuse        {"component": "chord", "node": 118605669798269, "direction": "outgoing", "key": "srvb:1113/84671371534117"}
specter-srvc-1    | 2022-08-10T21:44:59.312Z    DEBUG   overlay/transport.go:361        Starting goroutines to handle streams and datagrams     {"component": "chord", "node": 118605669798269, "direction": "outgoing", "key": "srvb:1113/84671371534117"}
specter-srvc-1    | 2022-08-10T21:44:59.312Z    DEBUG   overlay/transport.go:177        Created new RPC Stream  {"component": "chord", "node": 118605669798269, "peer": "id:37795961421988 address:\"srva:1113\"", "remote": "172.22.0.3:1113", "local": "[::]:59629"}
specter-srvc-1    | 2022-08-10T21:44:59.312Z    DEBUG   rpc/rpc.go:65   Creating new RPC handler        {"component": "chord", "node": 118605669798269, "peer": "id:37795961421988 address:\"srva:1113\"", "remote": "172.22.0.3:1113", "local": "[::]:59629", "pov": "transport_dial"}
specter-srvc-1    | 2022-08-10T21:44:59.312Z    DEBUG   overlay/transport.go:177        Created new RPC Stream  {"component": "chord", "node": 118605669798269, "peer": "id:76056495571947 address:\"srvd:1113\"", "remote": "172.22.0.5:1113", "local": "[::]:39301"}
specter-srvc-1    | 2022-08-10T21:44:59.312Z    INFO    chord/local_membership.go:106   incoming join request   {"component": "chord", "node": 118605669798269, "joiner": 37795961421988}
specter-srvc-1    | 2022-08-10T21:44:59.312Z    DEBUG   overlay/transport.go:177        Created new RPC Stream  {"component": "chord", "node": 118605669798269, "peer": "id:84671371534117 address:\"srvb:1113\"", "remote": "172.22.0.4:1113", "local": "[::]:57845"}
specter-srvc-1    | 2022-08-10T21:44:59.312Z    INFO    chord/local_chord.go:220        transferring keys to new predecessor    {"component": "chord", "node": 118605669798269, "predecessor": 37795961421988, "num_keys": 2}
specter-srvc-1    | 2022-08-10T21:44:59.312Z    DEBUG   rpc/rpc.go:65   Creating new RPC handler        {"component": "chord", "node": 118605669798269, "peer": "id:76056495571947 address:\"srvd:1113\"", "remote": "172.22.0.5:1113", "local": "[::]:39301", "pov": "transport_dial"}
specter-srvc-1    | 2022-08-10T21:44:59.312Z    DEBUG   rpc/rpc.go:65   Creating new RPC handler        {"component": "chord", "node": 118605669798269, "peer": "id:84671371534117 address:\"srvb:1113\"", "remote": "172.22.0.4:1113", "local": "[::]:57845", "pov": "transport_dial"}
specter-srvc-1    | 2022-08-10T21:44:59.312Z    INFO    chord/local_tasks.go:95 Discovered new successors via Stablize  {"component": "chord", "node": 118605669798269, "successors": [272898810982308, 118605669798269]}
specter-srva-1    | 2022-08-10T21:44:59.313Z    DEBUG   chord/local_rpc.go:26   New incoming RPC Stream {"component": "chord", "node": 37795961421988, "peer": "id:118605669798269 address:\"srvc:1113\"", "remote": "172.22.0.6:59629", "local": "172.22.0.3:1113"}
specter-srva-1    | 2022-08-10T21:44:59.313Z    DEBUG   rpc/rpc.go:65   Creating new RPC handler        {"component": "chord", "node": 37795961421988, "peer": "id:118605669798269 address:\"srvc:1113\"", "remote": "172.22.0.6:59629", "local": "172.22.0.3:1113", "pov": "local_rpc"}
specter-srvd-1    | 2022-08-10T21:44:59.313Z    DEBUG   chord/local_rpc.go:26   New incoming RPC Stream {"component": "chord", "node": 76056495571947, "peer": "id:118605669798269 address:\"srvc:1113\"", "remote": "172.22.0.6:39301", "local": "172.22.0.5:1113"}
specter-srvb-1    | 2022-08-10T21:44:59.313Z    DEBUG   chord/local_rpc.go:26   New incoming RPC Stream {"component": "chord", "node": 84671371534117, "peer": "id:118605669798269 address:\"srvc:1113\"", "remote": "172.22.0.6:57845", "local": "172.22.0.4:1113"}
specter-srvd-1    | 2022-08-10T21:44:59.313Z    DEBUG   rpc/rpc.go:65   Creating new RPC handler        {"component": "chord", "node": 76056495571947, "peer": "id:118605669798269 address:\"srvc:1113\"", "remote": "172.22.0.6:39301", "local": "172.22.0.5:1113", "pov": "local_rpc"}
specter-srvb-1    | 2022-08-10T21:44:59.313Z    DEBUG   rpc/rpc.go:65   Creating new RPC handler        {"component": "chord", "node": 84671371534117, "peer": "id:118605669798269 address:\"srvc:1113\"", "remote": "172.22.0.6:57845", "local": "172.22.0.4:1113", "pov": "local_rpc"}
specter-srva-1    | 2022-08-10T21:44:59.313Z    DEBUG   chord/local_kv.go:154   KV Import       {"component": "chord", "node": 37795961421988, "num_keys": 2}
specter-srvc-1    | 2022-08-10T21:44:59.314Z    INFO    chord/local_membership.go:93    rejecting join request because current state is not Active      {"component": "chord", "node": 118605669798269, "joiner": 76056495571947}
specter-srvc-1    | 2022-08-10T21:44:59.315Z    INFO    chord/local_membership.go:93    rejecting join request because current state is not Active      {"component": "chord", "node": 118605669798269, "joiner": 84671371534117}
specter-srva-1    | 2022-08-10T21:44:59.316Z    DEBUG   overlay/transport.go:74 Reusing quic connection from reuseMap   {"component": "chord", "node": 37795961421988, "key": "srvc:1113/118605669798269"}
specter-srvd-1    | 2022-08-10T21:44:59.316Z    ERROR   chord/local_membership.go:73    error trying to join ring, retrying     {"component": "chord", "node": 76056495571947, "error": "node cannot handle join request at the moment"}
specter-srvd-1    | kon.nect.sh/specter/chord.(*LocalNode).executeJoin
specter-srvd-1    |     /app/chord/local_membership.go:73
specter-srvd-1    | kon.nect.sh/specter/chord.(*LocalNode).Join
specter-srvd-1    |     /app/chord/local_membership.go:35
specter-srvd-1    | kon.nect.sh/specter/cmd/server.cmdServer
specter-srvb-1    | 2022-08-10T21:44:59.316Z    ERROR   chord/local_membership.go:73    error trying to join ring, retrying     {"component": "chord", "node": 84671371534117, "error": "node cannot handle join request at the moment"}
specter-srva-1    | 2022-08-10T21:44:59.316Z    DEBUG   overlay/transport.go:177        Created new RPC Stream  {"component": "chord", "node": 37795961421988, "peer": "id:118605669798269 address:\"srvc:1113\"", "remote": "172.22.0.6:59629", "local": "172.22.0.3:1113"}
specter-srva-1    | 2022-08-10T21:44:59.317Z    DEBUG   rpc/rpc.go:65   Creating new RPC handler        {"component": "chord", "node": 37795961421988, "peer": "id:118605669798269 address:\"srvc:1113\"", "remote": "172.22.0.6:59629", "local": "172.22.0.3:1113", "pov": "transport_dial"}
specter-srvd-1    |     /app/cmd/server/server.go:365
specter-srvb-1    | kon.nect.sh/specter/chord.(*LocalNode).executeJoin
specter-srvb-1    |     /app/chord/local_membership.go:73
specter-srvb-1    | kon.nect.sh/specter/chord.(*LocalNode).Join
specter-srvd-1    | github.com/urfave/cli/v2.(*Command).Run
specter-srvb-1    |     /app/chord/local_membership.go:35
specter-srvb-1    | kon.nect.sh/specter/cmd/server.cmdServer
specter-srvb-1    |     /app/cmd/server/server.go:365
specter-srvb-1    | github.com/urfave/cli/v2.(*Command).Run
specter-srvb-1    |     /go/pkg/mod/github.com/urfave/cli/v2@v2.11.1/command.go:169
specter-srvb-1    | github.com/urfave/cli/v2.(*App).RunContext
specter-srvb-1    |     /go/pkg/mod/github.com/urfave/cli/v2@v2.11.1/app.go:378
specter-srvb-1    | main.main
specter-srvd-1    |     /go/pkg/mod/github.com/urfave/cli/v2@v2.11.1/command.go:169
specter-srvb-1    |     /app/main.go:66
specter-srvb-1    | runtime.main
specter-srvb-1    |     /usr/local/go/src/runtime/proc.go:250
specter-srvd-1    | github.com/urfave/cli/v2.(*App).RunContext
specter-srvd-1    |     /go/pkg/mod/github.com/urfave/cli/v2@v2.11.1/app.go:378
specter-srvd-1    | main.main
specter-srvd-1    |     /app/main.go:66
specter-srvd-1    | runtime.main
specter-srvd-1    |     /usr/local/go/src/runtime/proc.go:250
specter-srva-1    | 2022-08-10T21:44:59.317Z    INFO    chord/local_membership.go:46    Successfully joined Chord ring  {"component": "chord", "node": 37795961421988, "predecessor": 272898810982308, "successor": 118605669798269}
specter-srvc-1    | 2022-08-10T21:44:59.317Z    DEBUG   chord/local_rpc.go:26   New incoming RPC Stream {"component": "chord", "node": 118605669798269, "peer": "id:37795961421988 address:\"srva:1113\"", "remote": "172.22.0.3:1113", "local": "[::]:59629"}
specter-srvc-1    | 2022-08-10T21:44:59.317Z    DEBUG   rpc/rpc.go:65   Creating new RPC handler        {"component": "chord", "node": 118605669798269, "peer": "id:37795961421988 address:\"srva:1113\"", "remote": "172.22.0.3:1113", "local": "[::]:59629", "pov": "local_rpc"}
specter-srva-1    | 2022-08-10T21:44:59.319Z    DEBUG   overlay/transport.go:83 Creating new QUIC connection    {"component": "chord", "node": 37795961421988, "peer": "id:37795961421988 address:\"srva:1113\""}
specter-srva-1    | 2022-08-10T21:44:59.333Z    DEBUG   overlay/transport.go:274        connecting to ourself, skipping connection reuse        {"component": "chord", "node": 37795961421988, "direction": "incoming"}
specter-srva-1    | 2022-08-10T21:44:59.333Z    DEBUG   overlay/transport.go:361        Starting goroutines to handle streams and datagrams     {"component": "chord", "node": 37795961421988, "direction": "incoming", "key": "srva:1113/37795961421988"}
specter-srva-1    | 2022-08-10T21:44:59.334Z    DEBUG   overlay/transport.go:274        connecting to ourself, skipping connection reuse        {"component": "chord", "node": 37795961421988, "direction": "outgoing"}
specter-srva-1    | 2022-08-10T21:44:59.334Z    DEBUG   overlay/transport.go:177        Created new RPC Stream  {"component": "chord", "node": 37795961421988, "peer": "id:37795961421988 address:\"srva:1113\"", "remote": "172.22.0.3:1113", "local": "[::]:41221"}
specter-srva-1    | 2022-08-10T21:44:59.334Z    DEBUG   rpc/rpc.go:65   Creating new RPC handler        {"component": "chord", "node": 37795961421988, "peer": "id:37795961421988 address:\"srva:1113\"", "remote": "172.22.0.3:1113", "local": "[::]:41221", "pov": "transport_dial"}
specter-srva-1    | 2022-08-10T21:44:59.335Z    DEBUG   chord/local_rpc.go:26   New incoming RPC Stream {"component": "chord", "node": 37795961421988, "peer": "id:37795961421988 address:\"srva:1113\"", "remote": "172.22.0.3:41221", "local": "172.22.0.3:1113"}
specter-srva-1    | 2022-08-10T21:44:59.335Z    DEBUG   rpc/rpc.go:65   Creating new RPC handler        {"component": "chord", "node": 37795961421988, "peer": "id:37795961421988 address:\"srva:1113\"", "remote": "172.22.0.3:41221", "local": "172.22.0.3:1113", "pov": "local_rpc"}
specter-srva-1    | 2022-08-10T21:44:59.340Z    INFO    chord/local_tasks.go:140        FingerTable entries updated     {"component": "chord", "node": 37795961421988, "fixed": [1, 2, 3, 4, 5, 6, 7, 8, 9, 10, 11, 12, 13, 14, 15, 16, 17, 18, 19, 20, 21, 22, 23, 24, 25, 26, 27, 28, 29, 30, 31, 32, 33, 34, 35, 36, 37, 38, 39, 40, 41, 42, 43, 44, 45, 46, 47, 48]}
specter-seed-1    | 2022-08-10T21:44:59.341Z    INFO    chord/local_membership.go:128   Join completed, joiner has requested to update pointers {"component": "chord", "node": 272898810982308}
